[The Map]

[Continents Involved]
Kyklades 6
Dodekanes 5
Ipiro 5
Peloponissos 5
Thessalia 6
Krete 3
Lesbos 3
Makedonia 4
Attika 6
[Territories]
Kerkira Ipiro Ioannion-Thesprotias
Ebrou Makedonia Samothraki Rodopis
Samothraki Lesbos Limnos Ebrou
Evia Attika Biotias Fthiotidas Magnisias Attikis Andros
Chios Lesbos Lesbos Mykonos
Achaias Peloponissos Aitoloakarnanias Korinthias Ilias Arkadias
Magnisias Thessalia Fthiotidas Evia Larisas
Larisas Thessalia Magnisias Kosanis Karditsas Trikalon Pierias
Irakliou Krete Lasithiou Santorini Rethimnis
Ilias Peloponissos Achaias Kefalinas Arkadias Messinias
Arkadias Peloponissos Achaias Korinthias Argolidas Ilias Messinias Lakonias
Kilkis Makedonia Thessalonikis Pellis Serron
Chanion Krete Rethimnis Lakonias
Thasos Lesbos Xanthis Limnos
Kalymnos Dodekanes Samos Kos
Chalkidikis Makedonia Thessalonikis Agio-Oros Limnos
Rhodos Dodekanes Nithiras Kastelon Tilos
Biotias Attika Fthiotidas Fokidas Attikis Evia
Kithira Peloponissos Lakonias
Andros Kyklades Tinos Evia
Agio-Oros Makedonia Chalkidikis
Kastelon Dodekanes Rhodos Karpados
Korinthias Peloponissos Achaias Argolidas Attikis Arkadias
Lakonias Peloponissos Chanion Arkadias Messinias Kithira
Lasithiou Krete Kathos Irakliou
Kefalinas Ipiro Ioannion-Thesprotias Aitoloakarnanias Ilias
Rodopis Makedonia Xanthis Ebrou
Trikalon Thessalia Kastorias Ioannion-Thesprotias Kosanis Aitoloakarnanias Prebesas Karditsas Larisas
Kastorias Thessalia Ioannion-Thesprotias Kosanis Florinas Trikalon
Paros Kyklades Ios Syros
Karditsas Ipiro Fthiotidas Aitoloakarnanias Fokidas Trikalon Larisas
Attikis Attika Biotias Korinthias Syros Evia
Thessalonikis Makedonia Pellis Chalkidikis Serron Pierias Kilkis
Kathos Dodekanes Lasithiou Karpados
Astipalaia Dodekanes Nithiras
Limnos Lesbos Lesbos Samothraki Chalkidikis Thasos
Tilos Dodekanes Rhodos Nithiras
Rethimnis Krete Irakliou Chanion
Tinos Kyklades Mykonos Syros Andros
Nithiras Dodekanes Astipalaia Kos Tilos
Xanthis Makedonia Dramas Rodopis Thasos
Prebesas Ipiro Ioannion-Thesprotias Aitoloakarnanias Karditsas Trikalon
Naxos Kyklades Mykonos
Ioannion-Thesprotias Ipiro Kastorias Kefalinas Kerkira Prebesas Trikalon
Kosanis Thessalia Pellis Kastorias Florinas Trikalon Pierias Larisas
Syros Kyklades Paros Attikis
Samos Dodekanes Kalymnos Mykonos
Fthiotidas Attika Biotias Magnisias Fokidas Karditsas Evia Larisas
Fokidas Attika Biotias Fthiotidas Aitoloakarnanias Karditsas
Santorini Kyklades Irakliou Ios
Ios Kyklades Santorini Paros
Kos Dodekanes Kalymnos Nithiras
Karpados Dodekanes Kathos Rhodos Astipalaia Kastelon
Messinias Peloponissos Ilias Arkadias Lakonias
Mykonos Kyklades Naxos Samos Tinos Chios
Pierias Thessalia Thessalonikis Pellis Kosanis Larisas
Dramas Makedonia Xanthis Serron
Florinas Thessalia Pellis Kastorias Kosanis
Argolidas Peloponissos Korinthias Arkadias
Serron Makedonia Thessalonikis Dramas Kilkis
Lesbos Lesbos Limnos Chios
Aitoloakarnanias Ipiro Achaias Kefalinas Fokidas Prebesas Karditsas Trikalon
Pellis Thessalia Thessalonikis Kosanis Florinas Pierias Kilkis
Kerkira Ipiro Ioannion-Thesprotias
Ebrou Makedonia Samothraki Rodopis
Samothraki Lesbos Limnos Ebrou
Evia Attika Biotias Fthiotidas Magnisias Attikis Andros
Chios Lesbos Lesbos Mykonos
Achaias Peloponissos Aitoloakarnanias Korinthias Ilias Arkadias
Magnisias Thessalia Fthiotidas Evia Larisas
Larisas Thessalia Magnisias Kosanis Karditsas Trikalon Pierias
Irakliou Krete Lasithiou Santorini Rethimnis
Ilias Peloponissos Achaias Kefalinas Arkadias Messinias
Arkadias Peloponissos Achaias Korinthias Argolidas Ilias Messinias Lakonias
Kilkis Makedonia Thessalonikis Pellis Serron
Chanion Krete Rethimnis Lakonias
Thasos Lesbos Xanthis Limnos
Kalymnos Dodekanes Samos Kos
Chalkidikis Makedonia Thessalonikis Agio-Oros Limnos
Rhodos Dodekanes Nithiras Kastelon Tilos
Biotias Attika Fthiotidas Fokidas Attikis Evia
Kithira Peloponissos Lakonias
Andros Kyklades Tinos Evia
Agio-Oros Makedonia Chalkidikis
Kastelon Dodekanes Rhodos Karpados
Korinthias Peloponissos Achaias Argolidas Attikis Arkadias
Lakonias Peloponissos Chanion Arkadias Messinias Kithira
Lasithiou Krete Kathos Irakliou
Kefalinas Ipiro Ioannion-Thesprotias Aitoloakarnanias Ilias
Rodopis Makedonia Xanthis Ebrou
Trikalon Thessalia Kastorias Ioannion-Thesprotias Kosanis Aitoloakarnanias Prebesas Karditsas Larisas
Kastorias Thessalia Ioannion-Thesprotias Kosanis Florinas Trikalon
Paros Kyklades Ios Syros
Karditsas Ipiro Fthiotidas Aitoloakarnanias Fokidas Trikalon Larisas
Attikis Attika Biotias Korinthias Syros Evia
Thessalonikis Makedonia Pellis Chalkidikis Serron Pierias Kilkis
Kathos Dodekanes Lasithiou Karpados
Astipalaia Dodekanes Nithiras
Limnos Lesbos Lesbos Samothraki Chalkidikis Thasos
Tilos Dodekanes Rhodos Nithiras
Rethimnis Krete Irakliou Chanion
Tinos Kyklades Mykonos Syros Andros
Nithiras Dodekanes Astipalaia Kos Tilos
Xanthis Makedonia Dramas Rodopis Thasos
Prebesas Ipiro Ioannion-Thesprotias Aitoloakarnanias Karditsas Trikalon
Naxos Kyklades Mykonos
Ioannion-Thesprotias Ipiro Kastorias Kefalinas Kerkira Prebesas Trikalon
Kosanis Thessalia Pellis Kastorias Florinas Trikalon Pierias Larisas
Syros Kyklades Paros Attikis
Samos Dodekanes Kalymnos Mykonos
Fthiotidas Attika Biotias Magnisias Fokidas Karditsas Evia Larisas
Fokidas Attika Biotias Fthiotidas Aitoloakarnanias Karditsas
Santorini Kyklades Irakliou Ios
Ios Kyklades Santorini Paros
Kos Dodekanes Kalymnos Nithiras
Karpados Dodekanes Kathos Rhodos Astipalaia Kastelon
Messinias Peloponissos Ilias Arkadias Lakonias
Mykonos Kyklades Naxos Samos Tinos Chios
Pierias Thessalia Thessalonikis Pellis Kosanis Larisas
Dramas Makedonia Xanthis Serron
Florinas Thessalia Pellis Kastorias Kosanis
Argolidas Peloponissos Korinthias Arkadias
Serron Makedonia Thessalonikis Dramas Kilkis
Lesbos Lesbos Limnos Chios
Aitoloakarnanias Ipiro Achaias Kefalinas Fokidas Prebesas Karditsas Trikalon
Pellis Thessalia Thessalonikis Kosanis Florinas Pierias Kilkis
Kerkira Ipiro Ioannion-Thesprotias
Ebrou Makedonia Samothraki Rodopis
Samothraki Lesbos Limnos Ebrou
Evia Attika Biotias Fthiotidas Magnisias Attikis Andros
Chios Lesbos Lesbos Mykonos
Achaias Peloponissos Aitoloakarnanias Korinthias Ilias Arkadias
Magnisias Thessalia Fthiotidas Evia Larisas
Larisas Thessalia Magnisias Kosanis Karditsas Trikalon Pierias
Irakliou Krete Lasithiou Santorini Rethimnis
Ilias Peloponissos Achaias Kefalinas Arkadias Messinias
Arkadias Peloponissos Achaias Korinthias Argolidas Ilias Messinias Lakonias
Kilkis Makedonia Thessalonikis Pellis Serron
Chanion Krete Rethimnis Lakonias
Thasos Lesbos Xanthis Limnos
Kalymnos Dodekanes Samos Kos
Chalkidikis Makedonia Thessalonikis Agio-Oros Limnos
Rhodos Dodekanes Nithiras Kastelon Tilos
Biotias Attika Fthiotidas Fokidas Attikis Evia
Kithira Peloponissos Lakonias
Andros Kyklades Tinos Evia
Agio-Oros Makedonia Chalkidikis
Kastelon Dodekanes Rhodos Karpados
Korinthias Peloponissos Achaias Argolidas Attikis Arkadias
Lakonias Peloponissos Chanion Arkadias Messinias Kithira
Lasithiou Krete Kathos Irakliou
Kefalinas Ipiro Ioannion-Thesprotias Aitoloakarnanias Ilias
Rodopis Makedonia Xanthis Ebrou
Trikalon Thessalia Kastorias Ioannion-Thesprotias Kosanis Aitoloakarnanias Prebesas Karditsas Larisas
Kastorias Thessalia Ioannion-Thesprotias Kosanis Florinas Trikalon
Paros Kyklades Ios Syros
Karditsas Ipiro Fthiotidas Aitoloakarnanias Fokidas Trikalon Larisas
Attikis Attika Biotias Korinthias Syros Evia
Thessalonikis Makedonia Pellis Chalkidikis Serron Pierias Kilkis
Kathos Dodekanes Lasithiou Karpados
Astipalaia Dodekanes Nithiras
Limnos Lesbos Lesbos Samothraki Chalkidikis Thasos
Tilos Dodekanes Rhodos Nithiras
Rethimnis Krete Irakliou Chanion
Tinos Kyklades Mykonos Syros Andros
Nithiras Dodekanes Astipalaia Kos Tilos
Xanthis Makedonia Dramas Rodopis Thasos
Prebesas Ipiro Ioannion-Thesprotias Aitoloakarnanias Karditsas Trikalon
Naxos Kyklades Mykonos
Ioannion-Thesprotias Ipiro Kastorias Kefalinas Kerkira Prebesas Trikalon
Kosanis Thessalia Pellis Kastorias Florinas Trikalon Pierias Larisas
Syros Kyklades Paros Attikis
Samos Dodekanes Kalymnos Mykonos
Fthiotidas Attika Biotias Magnisias Fokidas Karditsas Evia Larisas
Fokidas Attika Biotias Fthiotidas Aitoloakarnanias Karditsas
Santorini Kyklades Irakliou Ios
Ios Kyklades Santorini Paros
Kos Dodekanes Kalymnos Nithiras
Karpados Dodekanes Kathos Rhodos Astipalaia Kastelon
Messinias Peloponissos Ilias Arkadias Lakonias
Mykonos Kyklades Naxos Samos Tinos Chios
Pierias Thessalia Thessalonikis Pellis Kosanis Larisas
Dramas Makedonia Xanthis Serron
Florinas Thessalia Pellis Kastorias Kosanis
Argolidas Peloponissos Korinthias Arkadias
Serron Makedonia Thessalonikis Dramas Kilkis
Lesbos Lesbos Limnos Chios
Aitoloakarnanias Ipiro Achaias Kefalinas Fokidas Prebesas Karditsas Trikalon
Pellis Thessalia Thessalonikis Kosanis Florinas Pierias Kilkis
Kerkira Ipiro Ioannion-Thesprotias
Ebrou Makedonia Samothraki Rodopis
Samothraki Lesbos Limnos Ebrou
Evia Attika Biotias Fthiotidas Magnisias Attikis Andros
Chios Lesbos Lesbos Mykonos
Achaias Peloponissos Aitoloakarnanias Korinthias Ilias Arkadias
Magnisias Thessalia Fthiotidas Evia Larisas
Larisas Thessalia Magnisias Kosanis Karditsas Trikalon Pierias
Irakliou Krete Lasithiou Santorini Rethimnis
Ilias Peloponissos Achaias Kefalinas Arkadias Messinias
Arkadias Peloponissos Achaias Korinthias Argolidas Ilias Messinias Lakonias
Kilkis Makedonia Thessalonikis Pellis Serron
Chanion Krete Rethimnis Lakonias
Thasos Lesbos Xanthis Limnos
Kalymnos Dodekanes Samos Kos
Chalkidikis Makedonia Thessalonikis Agio-Oros Limnos
Rhodos Dodekanes Nithiras Kastelon Tilos
Biotias Attika Fthiotidas Fokidas Attikis Evia
Kithira Peloponissos Lakonias
Andros Kyklades Tinos Evia
Agio-Oros Makedonia Chalkidikis
Kastelon Dodekanes Rhodos Karpados
Korinthias Peloponissos Achaias Argolidas Attikis Arkadias
Lakonias Peloponissos Chanion Arkadias Messinias Kithira
Lasithiou Krete Kathos Irakliou
Kefalinas Ipiro Ioannion-Thesprotias Aitoloakarnanias Ilias
Rodopis Makedonia Xanthis Ebrou
Trikalon Thessalia Kastorias Ioannion-Thesprotias Kosanis Aitoloakarnanias Prebesas Karditsas Larisas
Kastorias Thessalia Ioannion-Thesprotias Kosanis Florinas Trikalon
Paros Kyklades Ios Syros
Karditsas Ipiro Fthiotidas Aitoloakarnanias Fokidas Trikalon Larisas
Attikis Attika Biotias Korinthias Syros Evia
Thessalonikis Makedonia Pellis Chalkidikis Serron Pierias Kilkis
Kathos Dodekanes Lasithiou Karpados
Astipalaia Dodekanes Nithiras
Limnos Lesbos Lesbos Samothraki Chalkidikis Thasos
Tilos Dodekanes Rhodos Nithiras
Rethimnis Krete Irakliou Chanion
Tinos Kyklades Mykonos Syros Andros
Nithiras Dodekanes Astipalaia Kos Tilos
Xanthis Makedonia Dramas Rodopis Thasos
Prebesas Ipiro Ioannion-Thesprotias Aitoloakarnanias Karditsas Trikalon
Naxos Kyklades Mykonos
Ioannion-Thesprotias Ipiro Kastorias Kefalinas Kerkira Prebesas Trikalon
Kosanis Thessalia Pellis Kastorias Florinas Trikalon Pierias Larisas
Syros Kyklades Paros Attikis
Samos Dodekanes Kalymnos Mykonos
Fthiotidas Attika Biotias Magnisias Fokidas Karditsas Evia Larisas
Fokidas Attika Biotias Fthiotidas Aitoloakarnanias Karditsas
Santorini Kyklades Irakliou Ios
Ios Kyklades Santorini Paros
Kos Dodekanes Kalymnos Nithiras
Karpados Dodekanes Kathos Rhodos Astipalaia Kastelon
Messinias Peloponissos Ilias Arkadias Lakonias
Mykonos Kyklades Naxos Samos Tinos Chios
Pierias Thessalia Thessalonikis Pellis Kosanis Larisas
Dramas Makedonia Xanthis Serron
Florinas Thessalia Pellis Kastorias Kosanis
Argolidas Peloponissos Korinthias Arkadias
Serron Makedonia Thessalonikis Dramas Kilkis
Lesbos Lesbos Limnos Chios
Aitoloakarnanias Ipiro Achaias Kefalinas Fokidas Prebesas Karditsas Trikalon
Pellis Thessalia Thessalonikis Kosanis Florinas Pierias Kilkis
Kerkira Ipiro Ioannion-Thesprotias
Ebrou Makedonia Samothraki Rodopis
Samothraki Lesbos Limnos Ebrou
Evia Attika Biotias Fthiotidas Magnisias Attikis Andros
Chios Lesbos Lesbos Mykonos
Achaias Peloponissos Aitoloakarnanias Korinthias Ilias Arkadias
Magnisias Thessalia Fthiotidas Evia Larisas
Larisas Thessalia Magnisias Kosanis Karditsas Trikalon Pierias
Irakliou Krete Lasithiou Santorini Rethimnis
Ilias Peloponissos Achaias Kefalinas Arkadias Messinias
Arkadias Peloponissos Achaias Korinthias Argolidas Ilias Messinias Lakonias
Kilkis Makedonia Thessalonikis Pellis Serron
Chanion Krete Rethimnis Lakonias
Thasos Lesbos Xanthis Limnos
Kalymnos Dodekanes Samos Kos
Chalkidikis Makedonia Thessalonikis Agio-Oros Limnos
Rhodos Dodekanes Nithiras Kastelon Tilos
Biotias Attika Fthiotidas Fokidas Attikis Evia
Kithira Peloponissos Lakonias
Andros Kyklades Tinos Evia
Agio-Oros Makedonia Chalkidikis
Kastelon Dodekanes Rhodos Karpados
Korinthias Peloponissos Achaias Argolidas Attikis Arkadias
Lakonias Peloponissos Chanion Arkadias Messinias Kithira
Lasithiou Krete Kathos Irakliou
Kefalinas Ipiro Ioannion-Thesprotias Aitoloakarnanias Ilias
Rodopis Makedonia Xanthis Ebrou
Trikalon Thessalia Kastorias Ioannion-Thesprotias Kosanis Aitoloakarnanias Prebesas Karditsas Larisas
Kastorias Thessalia Ioannion-Thesprotias Kosanis Florinas Trikalon
Paros Kyklades Ios Syros
Karditsas Ipiro Fthiotidas Aitoloakarnanias Fokidas Trikalon Larisas
Attikis Attika Biotias Korinthias Syros Evia
Thessalonikis Makedonia Pellis Chalkidikis Serron Pierias Kilkis
Kathos Dodekanes Lasithiou Karpados
Astipalaia Dodekanes Nithiras
Limnos Lesbos Lesbos Samothraki Chalkidikis Thasos
Tilos Dodekanes Rhodos Nithiras
Rethimnis Krete Irakliou Chanion
Tinos Kyklades Mykonos Syros Andros
Nithiras Dodekanes Astipalaia Kos Tilos
Xanthis Makedonia Dramas Rodopis Thasos
Prebesas Ipiro Ioannion-Thesprotias Aitoloakarnanias Karditsas Trikalon
Naxos Kyklades Mykonos
Ioannion-Thesprotias Ipiro Kastorias Kefalinas Kerkira Prebesas Trikalon
Kosanis Thessalia Pellis Kastorias Florinas Trikalon Pierias Larisas
Syros Kyklades Paros Attikis
Samos Dodekanes Kalymnos Mykonos
Fthiotidas Attika Biotias Magnisias Fokidas Karditsas Evia Larisas
Fokidas Attika Biotias Fthiotidas Aitoloakarnanias Karditsas
Santorini Kyklades Irakliou Ios
Ios Kyklades Santorini Paros
Kos Dodekanes Kalymnos Nithiras
Karpados Dodekanes Kathos Rhodos Astipalaia Kastelon
Messinias Peloponissos Ilias Arkadias Lakonias
Mykonos Kyklades Naxos Samos Tinos Chios
Pierias Thessalia Thessalonikis Pellis Kosanis Larisas
Dramas Makedonia Xanthis Serron
Florinas Thessalia Pellis Kastorias Kosanis
Argolidas Peloponissos Korinthias Arkadias
Serron Makedonia Thessalonikis Dramas Kilkis
Lesbos Lesbos Limnos Chios
Aitoloakarnanias Ipiro Achaias Kefalinas Fokidas Prebesas Karditsas Trikalon
Pellis Thessalia Thessalonikis Kosanis Florinas Pierias Kilkis
Kerkira Ipiro Ioannion-Thesprotias
Ebrou Makedonia Samothraki Rodopis
Samothraki Lesbos Limnos Ebrou
Evia Attika Biotias Fthiotidas Magnisias Attikis Andros
Chios Lesbos Lesbos Mykonos
Achaias Peloponissos Aitoloakarnanias Korinthias Ilias Arkadias
Magnisias Thessalia Fthiotidas Evia Larisas
Larisas Thessalia Magnisias Kosanis Karditsas Trikalon Pierias
Irakliou Krete Lasithiou Santorini Rethimnis
Ilias Peloponissos Achaias Kefalinas Arkadias Messinias
Arkadias Peloponissos Achaias Korinthias Argolidas Ilias Messinias Lakonias
Kilkis Makedonia Thessalonikis Pellis Serron
Chanion Krete Rethimnis Lakonias
Thasos Lesbos Xanthis Limnos
Kalymnos Dodekanes Samos Kos
Chalkidikis Makedonia Thessalonikis Agio-Oros Limnos
Rhodos Dodekanes Nithiras Kastelon Tilos
Biotias Attika Fthiotidas Fokidas Attikis Evia
Kithira Peloponissos Lakonias
Andros Kyklades Tinos Evia
Agio-Oros Makedonia Chalkidikis
Kastelon Dodekanes Rhodos Karpados
Korinthias Peloponissos Achaias Argolidas Attikis Arkadias
Lakonias Peloponissos Chanion Arkadias Messinias Kithira
Lasithiou Krete Kathos Irakliou
Kefalinas Ipiro Ioannion-Thesprotias Aitoloakarnanias Ilias
Rodopis Makedonia Xanthis Ebrou
Trikalon Thessalia Kastorias Ioannion-Thesprotias Kosanis Aitoloakarnanias Prebesas Karditsas Larisas
Kastorias Thessalia Ioannion-Thesprotias Kosanis Florinas Trikalon
Paros Kyklades Ios Syros
Karditsas Ipiro Fthiotidas Aitoloakarnanias Fokidas Trikalon Larisas
Attikis Attika Biotias Korinthias Syros Evia
Thessalonikis Makedonia Pellis Chalkidikis Serron Pierias Kilkis
Kathos Dodekanes Lasithiou Karpados
Astipalaia Dodekanes Nithiras
Limnos Lesbos Lesbos Samothraki Chalkidikis Thasos
Tilos Dodekanes Rhodos Nithiras
Rethimnis Krete Irakliou Chanion
Tinos Kyklades Mykonos Syros Andros
Nithiras Dodekanes Astipalaia Kos Tilos
Xanthis Makedonia Dramas Rodopis Thasos
Prebesas Ipiro Ioannion-Thesprotias Aitoloakarnanias Karditsas Trikalon
Naxos Kyklades Mykonos
Ioannion-Thesprotias Ipiro Kastorias Kefalinas Kerkira Prebesas Trikalon
Kosanis Thessalia Pellis Kastorias Florinas Trikalon Pierias Larisas
Syros Kyklades Paros Attikis
Samos Dodekanes Kalymnos Mykonos
Fthiotidas Attika Biotias Magnisias Fokidas Karditsas Evia Larisas
Fokidas Attika Biotias Fthiotidas Aitoloakarnanias Karditsas
Santorini Kyklades Irakliou Ios
Ios Kyklades Santorini Paros
Kos Dodekanes Kalymnos Nithiras
Karpados Dodekanes Kathos Rhodos Astipalaia Kastelon
Messinias Peloponissos Ilias Arkadias Lakonias
Mykonos Kyklades Naxos Samos Tinos Chios
Pierias Thessalia Thessalonikis Pellis Kosanis Larisas
Dramas Makedonia Xanthis Serron
Florinas Thessalia Pellis Kastorias Kosanis
Argolidas Peloponissos Korinthias Arkadias
Serron Makedonia Thessalonikis Dramas Kilkis
Lesbos Lesbos Limnos Chios
Aitoloakarnanias Ipiro Achaias Kefalinas Fokidas Prebesas Karditsas Trikalon
Pellis Thessalia Thessalonikis Kosanis Florinas Pierias Kilkis
Kerkira Ipiro Ioannion-Thesprotias
Ebrou Makedonia Samothraki Rodopis
Samothraki Lesbos Limnos Ebrou
Evia Attika Biotias Fthiotidas Magnisias Attikis Andros
Chios Lesbos Lesbos Mykonos
Achaias Peloponissos Aitoloakarnanias Korinthias Ilias Arkadias
Magnisias Thessalia Fthiotidas Evia Larisas
Larisas Thessalia Magnisias Kosanis Karditsas Trikalon Pierias
Irakliou Krete Lasithiou Santorini Rethimnis
Ilias Peloponissos Achaias Kefalinas Arkadias Messinias
Arkadias Peloponissos Achaias Korinthias Argolidas Ilias Messinias Lakonias
Kilkis Makedonia Thessalonikis Pellis Serron
Chanion Krete Rethimnis Lakonias
Thasos Lesbos Xanthis Limnos
Kalymnos Dodekanes Samos Kos
Chalkidikis Makedonia Thessalonikis Agio-Oros Limnos
Rhodos Dodekanes Nithiras Kastelon Tilos
Biotias Attika Fthiotidas Fokidas Attikis Evia
Kithira Peloponissos Lakonias
Andros Kyklades Tinos Evia
Agio-Oros Makedonia Chalkidikis
Kastelon Dodekanes Rhodos Karpados
Korinthias Peloponissos Achaias Argolidas Attikis Arkadias
Lakonias Peloponissos Chanion Arkadias Messinias Kithira
Lasithiou Krete Kathos Irakliou
Kefalinas Ipiro Ioannion-Thesprotias Aitoloakarnanias Ilias
Rodopis Makedonia Xanthis Ebrou
Trikalon Thessalia Kastorias Ioannion-Thesprotias Kosanis Aitoloakarnanias Prebesas Karditsas Larisas
Kastorias Thessalia Ioannion-Thesprotias Kosanis Florinas Trikalon
Paros Kyklades Ios Syros
Karditsas Ipiro Fthiotidas Aitoloakarnanias Fokidas Trikalon Larisas
Attikis Attika Biotias Korinthias Syros Evia
Thessalonikis Makedonia Pellis Chalkidikis Serron Pierias Kilkis
Kathos Dodekanes Lasithiou Karpados
Astipalaia Dodekanes Nithiras
Limnos Lesbos Lesbos Samothraki Chalkidikis Thasos
Tilos Dodekanes Rhodos Nithiras
Rethimnis Krete Irakliou Chanion
Tinos Kyklades Mykonos Syros Andros
Nithiras Dodekanes Astipalaia Kos Tilos
Xanthis Makedonia Dramas Rodopis Thasos
Prebesas Ipiro Ioannion-Thesprotias Aitoloakarnanias Karditsas Trikalon
Naxos Kyklades Mykonos
Ioannion-Thesprotias Ipiro Kastorias Kefalinas Kerkira Prebesas Trikalon
Kosanis Thessalia Pellis Kastorias Florinas Trikalon Pierias Larisas
Syros Kyklades Paros Attikis
Samos Dodekanes Kalymnos Mykonos
Fthiotidas Attika Biotias Magnisias Fokidas Karditsas Evia Larisas
Fokidas Attika Biotias Fthiotidas Aitoloakarnanias Karditsas
Santorini Kyklades Irakliou Ios
Ios Kyklades Santorini Paros
Kos Dodekanes Kalymnos Nithiras
Karpados Dodekanes Kathos Rhodos Astipalaia Kastelon
Messinias Peloponissos Ilias Arkadias Lakonias
Mykonos Kyklades Naxos Samos Tinos Chios
Pierias Thessalia Thessalonikis Pellis Kosanis Larisas
Dramas Makedonia Xanthis Serron
Florinas Thessalia Pellis Kastorias Kosanis
Argolidas Peloponissos Korinthias Arkadias
Serron Makedonia Thessalonikis Dramas Kilkis
Lesbos Lesbos Limnos Chios
Aitoloakarnanias Ipiro Achaias Kefalinas Fokidas Prebesas Karditsas Trikalon
Pellis Thessalia Thessalonikis Kosanis Florinas Pierias Kilkis
Kerkira Ipiro Ioannion-Thesprotias
Ebrou Makedonia Samothraki Rodopis
Samothraki Lesbos Limnos Ebrou
Evia Attika Biotias Fthiotidas Magnisias Attikis Andros
Chios Lesbos Lesbos Mykonos
Achaias Peloponissos Aitoloakarnanias Korinthias Ilias Arkadias
Magnisias Thessalia Fthiotidas Evia Larisas
Larisas Thessalia Magnisias Kosanis Karditsas Trikalon Pierias
Irakliou Krete Lasithiou Santorini Rethimnis
Ilias Peloponissos Achaias Kefalinas Arkadias Messinias
Arkadias Peloponissos Achaias Korinthias Argolidas Ilias Messinias Lakonias
Kilkis Makedonia Thessalonikis Pellis Serron
Chanion Krete Rethimnis Lakonias
Thasos Lesbos Xanthis Limnos
Kalymnos Dodekanes Samos Kos
Chalkidikis Makedonia Thessalonikis Agio-Oros Limnos
Rhodos Dodekanes Nithiras Kastelon Tilos
Biotias Attika Fthiotidas Fokidas Attikis Evia
Kithira Peloponissos Lakonias
Andros Kyklades Tinos Evia
Agio-Oros Makedonia Chalkidikis
Kastelon Dodekanes Rhodos Karpados
Korinthias Peloponissos Achaias Argolidas Attikis Arkadias
Lakonias Peloponissos Chanion Arkadias Messinias Kithira
Lasithiou Krete Kathos Irakliou
Kefalinas Ipiro Ioannion-Thesprotias Aitoloakarnanias Ilias
Rodopis Makedonia Xanthis Ebrou
Trikalon Thessalia Kastorias Ioannion-Thesprotias Kosanis Aitoloakarnanias Prebesas Karditsas Larisas
Kastorias Thessalia Ioannion-Thesprotias Kosanis Florinas Trikalon
Paros Kyklades Ios Syros
Karditsas Ipiro Fthiotidas Aitoloakarnanias Fokidas Trikalon Larisas
Attikis Attika Biotias Korinthias Syros Evia
Thessalonikis Makedonia Pellis Chalkidikis Serron Pierias Kilkis
Kathos Dodekanes Lasithiou Karpados
Astipalaia Dodekanes Nithiras
Limnos Lesbos Lesbos Samothraki Chalkidikis Thasos
Tilos Dodekanes Rhodos Nithiras
Rethimnis Krete Irakliou Chanion
Tinos Kyklades Mykonos Syros Andros
Nithiras Dodekanes Astipalaia Kos Tilos
Xanthis Makedonia Dramas Rodopis Thasos
Prebesas Ipiro Ioannion-Thesprotias Aitoloakarnanias Karditsas Trikalon
Naxos Kyklades Mykonos
Ioannion-Thesprotias Ipiro Kastorias Kefalinas Kerkira Prebesas Trikalon
Kosanis Thessalia Pellis Kastorias Florinas Trikalon Pierias Larisas
Syros Kyklades Paros Attikis
Samos Dodekanes Kalymnos Mykonos
Fthiotidas Attika Biotias Magnisias Fokidas Karditsas Evia Larisas
Fokidas Attika Biotias Fthiotidas Aitoloakarnanias Karditsas
Santorini Kyklades Irakliou Ios
Ios Kyklades Santorini Paros
Kos Dodekanes Kalymnos Nithiras
Karpados Dodekanes Kathos Rhodos Astipalaia Kastelon
Messinias Peloponissos Ilias Arkadias Lakonias
Mykonos Kyklades Naxos Samos Tinos Chios
Pierias Thessalia Thessalonikis Pellis Kosanis Larisas
Dramas Makedonia Xanthis Serron
Florinas Thessalia Pellis Kastorias Kosanis
Argolidas Peloponissos Korinthias Arkadias
Serron Makedonia Thessalonikis Dramas Kilkis
Lesbos Lesbos Limnos Chios
Aitoloakarnanias Ipiro Achaias Kefalinas Fokidas Prebesas Karditsas Trikalon
Pellis Thessalia Thessalonikis Kosanis Florinas Pierias Kilkis
Kerkira Ipiro Ioannion-Thesprotias
Ebrou Makedonia Samothraki Rodopis
Samothraki Lesbos Limnos Ebrou
Evia Attika Biotias Fthiotidas Magnisias Attikis Andros
Chios Lesbos Lesbos Mykonos
Achaias Peloponissos Aitoloakarnanias Korinthias Ilias Arkadias
Magnisias Thessalia Fthiotidas Evia Larisas
Larisas Thessalia Magnisias Kosanis Karditsas Trikalon Pierias
Irakliou Krete Lasithiou Santorini Rethimnis
Ilias Peloponissos Achaias Kefalinas Arkadias Messinias
Arkadias Peloponissos Achaias Korinthias Argolidas Ilias Messinias Lakonias
Kilkis Makedonia Thessalonikis Pellis Serron
Chanion Krete Rethimnis Lakonias
Thasos Lesbos Xanthis Limnos
Kalymnos Dodekanes Samos Kos
Chalkidikis Makedonia Thessalonikis Agio-Oros Limnos
Rhodos Dodekanes Nithiras Kastelon Tilos
Biotias Attika Fthiotidas Fokidas Attikis Evia
Kithira Peloponissos Lakonias
Andros Kyklades Tinos Evia
Agio-Oros Makedonia Chalkidikis
Kastelon Dodekanes Rhodos Karpados
Korinthias Peloponissos Achaias Argolidas Attikis Arkadias
Lakonias Peloponissos Chanion Arkadias Messinias Kithira
Lasithiou Krete Kathos Irakliou
Kefalinas Ipiro Ioannion-Thesprotias Aitoloakarnanias Ilias
Rodopis Makedonia Xanthis Ebrou
Trikalon Thessalia Kastorias Ioannion-Thesprotias Kosanis Aitoloakarnanias Prebesas Karditsas Larisas
Kastorias Thessalia Ioannion-Thesprotias Kosanis Florinas Trikalon
Paros Kyklades Ios Syros
Karditsas Ipiro Fthiotidas Aitoloakarnanias Fokidas Trikalon Larisas
Attikis Attika Biotias Korinthias Syros Evia
Thessalonikis Makedonia Pellis Chalkidikis Serron Pierias Kilkis
Kathos Dodekanes Lasithiou Karpados
Astipalaia Dodekanes Nithiras
Limnos Lesbos Lesbos Samothraki Chalkidikis Thasos
Tilos Dodekanes Rhodos Nithiras
Rethimnis Krete Irakliou Chanion
Tinos Kyklades Mykonos Syros Andros
Nithiras Dodekanes Astipalaia Kos Tilos
Xanthis Makedonia Dramas Rodopis Thasos
Prebesas Ipiro Ioannion-Thesprotias Aitoloakarnanias Karditsas Trikalon
Naxos Kyklades Mykonos
Ioannion-Thesprotias Ipiro Kastorias Kefalinas Kerkira Prebesas Trikalon
Kosanis Thessalia Pellis Kastorias Florinas Trikalon Pierias Larisas
Syros Kyklades Paros Attikis
Samos Dodekanes Kalymnos Mykonos
Fthiotidas Attika Biotias Magnisias Fokidas Karditsas Evia Larisas
Fokidas Attika Biotias Fthiotidas Aitoloakarnanias Karditsas
Santorini Kyklades Irakliou Ios
Ios Kyklades Santorini Paros
Kos Dodekanes Kalymnos Nithiras
Karpados Dodekanes Kathos Rhodos Astipalaia Kastelon
Messinias Peloponissos Ilias Arkadias Lakonias
Mykonos Kyklades Naxos Samos Tinos Chios
Pierias Thessalia Thessalonikis Pellis Kosanis Larisas
Dramas Makedonia Xanthis Serron
Florinas Thessalia Pellis Kastorias Kosanis
Argolidas Peloponissos Korinthias Arkadias
Serron Makedonia Thessalonikis Dramas Kilkis
Lesbos Lesbos Limnos Chios
Aitoloakarnanias Ipiro Achaias Kefalinas Fokidas Prebesas Karditsas Trikalon
Pellis Thessalia Thessalonikis Kosanis Florinas Pierias Kilkis

